
> frontend@0.0.0 build
> vite build --debug

node.exe : 2025-12-19T04:42:53.066Z 
vite:config config file loaded in 73.24ms
At line:1 char:1
+ & "C:\Program Files\nodejs/node.exe" 
"C:\Program Files\nodejs/node_mo ...
+ ~~~~~~~~~~~~~~~~~~~~~~~~~~~~~~~~~~~~~~~~~
~~~~~~~~~~~~~~~~~~~~~~~~~~~~
    + CategoryInfo          : NotSpecified 
   : (2025-12-19T04:4...aded in 73.24ms:S  
  tring) [], RemoteException
    + FullyQualifiedErrorId : NativeComman 
   dError
 
2025-12-19T04:42:53.070Z vite:env loading 
env files: [
  'C:/Users/long/Documents/GitHub/duancuaho
csinh/frontend/.env',
  'C:/Users/long/Documents/GitHub/duancuaho
csinh/frontend/.env.local',
  'C:/Users/long/Documents/GitHub/duancuaho
csinh/frontend/.env.production',
  'C:/Users/long/Documents/GitHub/duancuaho
csinh/frontend/.env.production.local'
]
2025-12-19T04:42:53.071Z vite:env env 
files loaded in 1.02ms
2025-12-19T04:42:53.072Z vite:env using 
resolved env: {}
2025-12-19T04:42:53.151Z vite:config using 
resolved config: {
  plugins: [
    'vite:build-metadata',
    'vite:watch-package-data',
    'alias',
    'vite:react-babel',
    'vite:react-refresh',
    'vite:modulepreload-polyfill',
    'vite:resolve',
    'vite:html-inline-proxy',
    'vite:css',
    'vite:esbuild',
    'vite:json',
    'vite:wasm-helper',
    'vite:worker',
    'vite:asset',
    'vite:react-virtual-preamble',
    'replace-sw-version',
    'vite:wasm-fallback',
    'vite:define',
    'vite:css-post',
    'vite:build-html',
    'vite:worker-import-meta-url',
    'vite:asset-import-meta-url',
    'vite:force-systemjs-wrap-complete',
    'commonjs',
    'vite:data-uri',
    'vite:rollup-options-plugins',
    'vite:dynamic-import-vars',
    'vite:import-glob',
    'vite:build-import-analysis',
    'vite:esbuild-transpile',
    'vite:terser',
    'vite:manifest',
    'vite:ssr-manifest',
    'vite:reporter',
    'vite:load-fallback'
  ],
  define: { 
'import.meta.env.VITE_APP_VERSION': 
'"1766119373063"' },
  build: {
    target: 'esnext',
    polyfillModulePreload: true,
    modulePreload: { polyfill: true },
    outDir: 'dist',
    assetsDir: 'assets',
    assetsInlineLimit: 4096,
    sourcemap: false,
    terserOptions: {},
    rollupOptions: {
      output: {
        manualChunks: {
          'react-vendor': [ 'react', 
'react-dom', 'react-router-dom' ],
          'ui-vendor': [ 'framer-motion', 
'lucide-react' ],
          'utils-vendor': [ 'zustand', 
'react-markdown' ]
        }
      },
      onwarn: [Function: onwarn]
    },
    commonjsOptions: { include: [ 
/node_modules/ ], extensions: [ '.js', 
'.cjs' ] },
    dynamicImportVarsOptions: { 
warnOnError: true, exclude: [ 
/node_modules/ ] },
    write: true,
    emptyOutDir: null,
    copyPublicDir: true,
    manifest: false,
    lib: false,
    ssrManifest: false,
    ssrEmitAssets: false,
    reportCompressedSize: true,
    chunkSizeWarningLimit: 1000,
    watch: null,
    cssCodeSplit: true,
    minify: 'esbuild',
    ssr: false,
    emitAssets: true,
    createEnvironment: [Function: 
createEnvironment],
    cssTarget: 'esnext',
    cssMinify: true
  },
  optimizeDeps: {
    include: [
      'react',
      'react-dom',
      'react-router-dom',
      'framer-motion',
      'react',
      'react-dom',
      'react/jsx-dev-runtime',
      'react/jsx-runtime'
    ],
    exclude: [],
    needsInterop: [],
    extensions: [],
    disabled: undefined,
    holdUntilCrawlEnd: true,
    force: false,
    noDiscovery: false,
    esbuildOptions: { preserveSymlinks: 
false, jsx: 'automatic' }
  },
  esbuild: { jsxDev: false, jsx: 
'automatic', jsxImportSource: undefined },
  environments: {
    client: {
      define: { 
'import.meta.env.VITE_APP_VERSION': 
'"1766119373063"' },
      resolve: {
        externalConditions: [ 'node' ],
        extensions: [
          '.mjs',  '.js',
          '.mts',  '.ts',
          '.jsx',  '.tsx',
          '.json'
        ],
        dedupe: [],
        noExternal: [],
        external: [],
        preserveSymlinks: false,
        alias: [
          {
            find: /^\/?@vite\/env/,
            replacement: '/@fs/C:/Users/lon
g/Documents/GitHub/duancuahocsinh/frontend/
node_modules/vite/dist/client/env.mjs'
          },
          {
            find: /^\/?@vite\/client/,
            replacement: '/@fs/C:/Users/lon
g/Documents/GitHub/duancuahocsinh/frontend/
node_modules/vite/dist/client/client.mjs'
          }
        ],
        mainFields: [ 'browser', 'module', 
'jsnext:main', 'jsnext' ],
        conditions: [ 'module', 'browser', 
'development|production' ],
        builtins: []
      },
      keepProcessEnv: false,
      consumer: 'client',
      optimizeDeps: {
        include: [
          'react',
          'react-dom',
          'react-router-dom',
          'framer-motion',
          'react',
          'react-dom',
          'react/jsx-dev-runtime',
          'react/jsx-runtime'
        ],
        exclude: [],
        needsInterop: [],
        extensions: [],
        disabled: undefined,
        holdUntilCrawlEnd: true,
        force: false,
        noDiscovery: false,
        esbuildOptions: { 
preserveSymlinks: false, jsx: 'automatic' }
      },
      dev: {
        warmup: [],
        sourcemap: { js: true },
[36mvite v6.4.1 [32mbuilding for production...[36m[39m
        sourcemapIgnoreList: [Function: 
isInNodeModules$1],
        preTransformRequests: true,
        createEnvironment: [Function: 
defaultCreateClientDevEnvironment],
        recoverable: true,
        moduleRunnerTransform: false
      },
      build: {
        target: 'esnext',
        polyfillModulePreload: true,
        modulePreload: { polyfill: true },
        outDir: 'dist',
        assetsDir: 'assets',
        assetsInlineLimit: 4096,
        sourcemap: false,
        terserOptions: {},
        rollupOptions: {
          output: {
            manualChunks: {
              'react-vendor': [ 'react', 
'react-dom', 'react-router-dom' ],
              'ui-vendor': [ 
'framer-motion', 'lucide-react' ],
              'utils-vendor': [ 'zustand', 
'react-markdown' ]
            }
          },
          onwarn: [Function: onwarn]
        },
        commonjsOptions: { include: [ 
/node_modules/ ], extensions: [ '.js', 
'.cjs' ] },
        dynamicImportVarsOptions: { 
warnOnError: true, exclude: [ 
/node_modules/ ] },
        write: true,
        emptyOutDir: null,
        copyPublicDir: true,
        manifest: false,
        lib: false,
        ssrManifest: false,
        ssrEmitAssets: false,
        reportCompressedSize: true,
        chunkSizeWarningLimit: 1000,
        watch: null,
        cssCodeSplit: true,
        minify: 'esbuild',
        ssr: false,
        emitAssets: true,
        createEnvironment: [Function: 
createEnvironment],
        cssTarget: 'esnext',
        cssMinify: true
      }
    }
  },
  resolve: {
    externalConditions: [ 'node' ],
    extensions: [
      '.mjs',  '.js',
      '.mts',  '.ts',
      '.jsx',  '.tsx',
      '.json'
    ],
    dedupe: [],
    noExternal: [],
    external: [],
    preserveSymlinks: false,
    alias: [
      {
        find: /^\/?@vite\/env/,
        replacement: '/@fs/C:/Users/long/Do
cuments/GitHub/duancuahocsinh/frontend/node
_modules/vite/dist/client/env.mjs'
      },
      {
        find: /^\/?@vite\/client/,
        replacement: '/@fs/C:/Users/long/Do
cuments/GitHub/duancuahocsinh/frontend/node
_modules/vite/dist/client/client.mjs'
      }
    ],
    mainFields: [ 'browser', 'module', 
'jsnext:main', 'jsnext' ],
    conditions: [ 'module', 'browser', 
'development|production' ],
    builtins: []
  },
  configFile: 'C:/Users/long/Documents/GitH
ub/duancuahocsinh/frontend/vite.config.js',
  configFileDependencies: [
    'C:/Users/long/Documents/GitHub/duancua
hocsinh/frontend/vite.config.js'
  ],
  inlineConfig: {
    root: undefined,
    base: undefined,
    mode: undefined,
    configFile: undefined,
    configLoader: undefined,
    logLevel: undefined,
    clearScreen: undefined,
    build: {}
  },
  root: 'C:/Users/long/Documents/GitHub/dua
ncuahocsinh/frontend',
  base: '/',
  decodedBase: '/',
  rawBase: '/',
  publicDir: 'C:/Users/long/Documents/GitHu
b/duancuahocsinh/frontend/public',
  cacheDir: 'C:/Users/long/Documents/GitHub
/duancuahocsinh/frontend/node_modules/.vite
',
  command: 'build',
  mode: 'production',
  isWorker: false,
  mainConfig: null,
  bundleChain: [],
  isProduction: true,
  css: {
    transformer: 'postcss',
    preprocessorMaxWorkers: 0,
    devSourcemap: false
  },
  json: { namedExports: true, stringify: 
'auto' },
  server: {
    port: 5173,
    strictPort: false,
    host: undefined,
    allowedHosts: [],
    https: undefined,
    open: false,
    proxy: undefined,
    cors: {
      origin: /^https?:\/\/(?:(?:[^:]+\.)?l
ocalhost|127\.0\.0\.1|\[::1\])(?::\d+)?$/
    },
    headers: {},
    warmup: { clientFiles: [], ssrFiles: 
[] },
    middlewareMode: false,
    fs: {
      strict: true,
      deny: [ '.env', '.env.*', 
'*.{crt,pem}', '**/.git/**' ],
      allow: [ 'C:/Users/long/Documents/Git
Hub/duancuahocsinh/frontend' ]
    },
    preTransformRequests: true,
    perEnvironmentStartEndDuringDev: false,
    sourcemapIgnoreList: [Function: 
isInNodeModules$1]
  },
  builder: undefined,
  preview: {
    port: 4173,
    strictPort: false,
    host: undefined,
    allowedHosts: [],
    https: undefined,
    open: false,
    proxy: undefined,
    cors: {
      origin: /^https?:\/\/(?:(?:[^:]+\.)?l
ocalhost|127\.0\.0\.1|\[::1\])(?::\d+)?$/
    },
    headers: {}
  },
  envDir: 'C:/Users/long/Documents/GitHub/d
uancuahocsinh/frontend',
  env: { BASE_URL: '/', MODE: 
'production', DEV: false, PROD: true },
  assetsInclude: [Function: assetsInclude],
  logger: {
    hasWarned: false,
    info: [Function: info],
    warn: [Function: warn],
    warnOnce: [Function: warnOnce],
    error: [Function: error],
    clearScreen: [Function: clearScreen],
    hasErrorLogged: [Function: 
hasErrorLogged]
  },
  packageCache: Map(1) {
    'fnpd_C:/Users/long/Documents/GitHub/du
ancuahocsinh/frontend' => {
      dir: 'C:/Users/long/Documents/GitHub/
duancuahocsinh/frontend',
      data: {
        name: 'frontend',
        private: true,
        version: '0.0.0',
        type: 'module',
        scripts: {
          dev: 'vite',
          build: 'vite build',
          'build:clean': 'vite build && 
node scripts/cleanup-old-assets.js',
          cleanup: 'node 
scripts/cleanup-old-assets.js',
          deploy: 'npm run build && 
wrangler pages deploy dist 
--project-name=duancuahocsinh',
          'deploy:preview': 'npm run build 
&& wrangler pages deploy dist 
--project-name=duancuahocsinh',
          lint: 'eslint .',
          preview: 'vite preview',
          test: 'vitest run',
          'test:watch': 'vitest',
          e2e: 'playwright test',
          'e2e:headed': 'playwright test 
--headed',
          'e2e:install': 'playwright 
install'
        },
        dependencies: {
          clsx: '^2.1.1',
          'framer-motion': '^12.23.26',
          'lucide-react': '^0.561.0',
          react: '^19.2.0',
          'react-dom': '^19.2.0',
          'react-markdown': '^10.1.0',
          'react-router-dom': '^7.10.1',
          'remark-gfm': '^4.0.1',
          zustand: '^5.0.9'
        },
        devDependencies: {
          '@eslint/js': '^9.39.1',
          '@playwright/test': '^1.57.0',
          '@tailwindcss/postcss': 
'^4.1.18',
          '@testing-library/jest-dom': 
'^6.9.1',
          '@testing-library/react': 
'^16.3.0',
          '@types/react': '^19.2.5',
          '@types/react-dom': '^19.2.3',
          '@vitejs/plugin-react': '^5.1.1',
          autoprefixer: '^10.4.22',
          eslint: '^9.39.1',
          'eslint-plugin-react-hooks': 
'^7.0.1',
          'eslint-plugin-react-refresh': 
'^0.4.24',
          globals: '^16.5.0',
          jsdom: '^27.3.0',
          lighthouse: '^13.0.1',
          postcss: '^8.5.6',
          tailwindcss: '^4.1.18',
          vite: '^6.4.1',
          vitest: '^4.0.15',
          wrangler: '^3.114.15'
        }
      },
      hasSideEffects: [Function: 
hasSideEffects],
      setResolvedCache: [Function: 
setResolvedCache],
      getResolvedCache: [Function: 
getResolvedCache]
    },
    set: [Function (anonymous)]
  },
  worker: { format: 'iife', plugins: '() 
=> plugins', rollupOptions: {} },
  appType: 'spa',
  experimental: { 
importGlobRestoreExtension: false, 
hmrPartialAccept: false },
  future: undefined,
  ssr: {
    target: 'node',
    optimizeDeps: { esbuildOptions: { 
preserveSymlinks: false } },
    resolve: { conditions: undefined, 
externalConditions: undefined }
  },
  dev: {
    warmup: [],
    sourcemap: { js: true },
    sourcemapIgnoreList: [Function: 
isInNodeModules$1],
    preTransformRequests: false,
    createEnvironment: [Function: 
defaultCreateDevEnvironment],
    recoverable: false,
    moduleRunnerTransform: false
  },
  webSocketToken: 'IRb8goP__n5C',
  getSortedPlugins: [Function: 
getSortedPlugins],
  getSortedPluginHooks: [Function: 
getSortedPluginHooks],
  createResolver: [Function: 
createResolver],
  fsDenyGlob: [Function: arrayMatcher],
  safeModulePaths: Set(0) {},
  additionalAllowedHosts: [],
  Symbol(vite:resolved-config): true
}
transforming...
[32mΓ£ô[39m 3 modules transformed.
[31mΓ£ù[39m Build failed in 581ms
[31merror during build:
[31m[vite:css] [postcss] C:/Users/long/Doc
uments/GitHub/duancuahocsinh/frontend/src/i
ndex.css:195:9: Unknown word HEAD[31m
file: [36mC:/Users/long/Documents/GitHub/d
uancuahocsinh/frontend/src/index.css:195:8
[31m
    at Input.error (C:\Users\long\Documents
\GitHub\duancuahocsinh\frontend\node_module
s\postcss\lib\input.js:135:16)
    at Parser.unknownWord (C:\Users\long\Do
cuments\GitHub\duancuahocsinh\frontend\node
_modules\postcss\lib\parser.js:595:22)
    at Parser.decl (C:\Users\long\Documents
\GitHub\duancuahocsinh\frontend\node_module
s\postcss\lib\parser.js:236:16)
    at Parser.other (C:\Users\long\Document
s\GitHub\duancuahocsinh\frontend\node_modul
es\postcss\lib\parser.js:401:18)
    at Parser.parse (C:\Users\long\Document
s\GitHub\duancuahocsinh\frontend\node_modul
es\postcss\lib\parser.js:472:16)
    at parse (C:\Users\long\Documents\GitHu
b\duancuahocsinh\frontend\node_modules\post
css\lib\parse.js:11:12)
    at new LazyResult (C:\Users\long\Docume
nts\GitHub\duancuahocsinh\frontend\node_mod
ules\postcss\lib\lazy-result.js:165:16)
    at Processor.process (C:\Users\long\Doc
uments\GitHub\duancuahocsinh\frontend\node_
modules\postcss\lib\processor.js:53:14)
    at runPostCSS (file:///C:/Users/long/Do
cuments/GitHub/duancuahocsinh/frontend/node
_modules/vite/dist/node/chunks/dep-D4NMHUTW
.js:43853:52)
    at async compilePostCSS (file:///C:/Use
rs/long/Documents/GitHub/duancuahocsinh/fro
ntend/node_modules/vite/dist/node/chunks/de
p-D4NMHUTW.js:43823:18)[39m
